C51 COMPILER V8.02   EX18                                                                  06/24/2009 13:49:57 PAGE 1   


C51 COMPILER V8.02, COMPILATION OF MODULE EX18
OBJECT MODULE PLACED IN ex18.OBJ
COMPILER INVOKED BY: C:\Keil\C51\BIN\C51.EXE ex18.c BROWSE DEBUG OBJECTEXTEND

line level    source

   1          //实例18：用右移运算流水点亮P1口8位LED
   2          #include<reg51.h>  //包含单片机寄存器的头文件
   3          /*****************************
   4          函数功能：延时一段时间
   5          *****************************/
   6          void delay(void)
   7          {
   8   1       unsigned int n;
   9   1        for(n=0;n<30000;n++)
  10   1            ;
  11   1      }
  12          /*****************************
  13          函数功能：主函数
  14          *****************************/
  15          void main(void)
  16          {  
  17   1        unsigned char i;
  18   1        while(1)
  19   1               {
  20   2                 P1=0xff;
  21   2                      delay();
  22   2                      for(i=0;i<8;i++)//设置循环次数为8
  23   2                       {
  24   3                         P1=P1>>1;   //每次循环P1的各二进位右移1位，高位补0
  25   3                              delay();    //调用延时函数
  26   3                       }
  27   2                }
  28   1            
  29   1      }


MODULE INFORMATION:   STATIC OVERLAYABLE
   CODE SIZE        =     38    ----
   CONSTANT SIZE    =   ----    ----
   XDATA SIZE       =   ----    ----
   PDATA SIZE       =   ----    ----
   DATA SIZE        =   ----    ----
   IDATA SIZE       =   ----    ----
   BIT SIZE         =   ----    ----
END OF MODULE INFORMATION.


C51 COMPILATION COMPLETE.  0 WARNING(S),  0 ERROR(S)
